Warning: Design 'AIDC_TOP' has '3' unresolved references. For more detailed information, use the "link" command. (UID-341)
 
****************************************
Report : cell
Design : AIDC_TOP
Version: Q-2019.12-SP5-5
Date   : Thu Dec 22 16:52:14 2022
****************************************

Attributes:
    b - black box (unknown)
    h - hierarchical
    n - noncombinational
    p - parameterized
    r - removable
    u - contains unmapped logic

Cell                      Reference       Library             Area  Attributes
--------------------------------------------------------------------------------
u_addr_converter_comp     ADDR_CONVERTER_ADDR_WIDTH32_ADDR_LEN4_ID_WIDTH4_I_origin_a_intf_AXI_A_INTF__I_convert_a_intf_AXI_A_INTF__
                                                          0.000000  h, n, p, u
u_addr_converter_decomp   ADDR_CONVERTER_DECOMP           0.000000  b, p
u_comp                    COMP_TOP                        0.000000  b, p
u_decomp                  DECOMP_TOP_I_decomp_engine_i_intf_STREAM_INTF__I_decomp_engine_o_intf_STREAM_INTF__
                                                          0.000000  b, h, n, p, u
u_sop_gen_comp            SOP_GEN_1                       0.000000  h, n, u
u_sop_gen_decomp          SOP_GEN_0                       0.000000  h, u
--------------------------------------------------------------------------------
Total 6 cells                                             0.000000
1
